// Jest Snapshot v1, https://goo.gl/fbAQLP

exports[`Landing Page should render correctly 1`] = `
<div
  class="auth-landing"
  data-test="socivio-landing"
>
  <div
    class="logo"
  >
    <h3>
      Socivio
    </h3>
    <p>
      Connect and share your moments with people
    </p>
  </div>
  <div
    class="auth-wrapper"
  >
    <main
      class="auth-container main-container no-beacon"
      data-se="auth-container"
      id="okta-sign-in"
      style="display: none;"
      tabindex="-1"
    />
  </div>
</div>
`;
